Error type 1 at Line 38: Undefined variable "ci".
Error type 1 at Line 39: Undefined variable "ci".
Error type 1 at Line 39: Undefined variable "ci".
Error type 1 at Line 39: Undefined variable "ci".
Error type 1 at Line 40: Undefined variable "ci".
Error type 1 at Line 40: Undefined variable "ci".
Error type 3 at Line 69: Redefined variable "er".
